Microchip MPLAB XC8 Compiler V1.42 ()

Linker command line:

-W-3 --edf=/opt/microchip/xc8/v1.42/dat/en_msgs.txt -cs \
  -h+dist/default/production/telnet.X.production.sym \
  --cmf=dist/default/production/telnet.X.production.cmf -z -Q18F4550 \
  -o/tmp/xcXYVU3Is -Mdist/default/production/telnet.X.production.map -E1 \
  -ver=XC8 -ASTACK=060h-07ffh -pstack=STACK -ACODE=00h-07FFFh \
  -ACONST=00h-07FFFh -ASMALLCONST=0800h-08FFhx120 \
  -AMEDIUMCONST=0800h-07FFFh -ACOMRAM=01h-05Fh -AABS1=00h-07FFh \
  -ABIGRAM=01h-07FFh -ARAM=060h-0FFh,0100h-01FFhx7 -ABANK0=060h-0FFh \
  -ABANK1=0100h-01FFh -ABANK2=0200h-02FFh -ABANK3=0300h-03FFh \
  -ABANK4=0400h-04FFh -ABANK5=0500h-05FFh -ABANK6=0600h-06FFh \
  -ABANK7=0700h-07FFh -ASFR=0F60h-0FFFh \
  -preset_vec=00h,intcode,intcodelo,powerup,init -pramtop=0800h \
  -psmallconst=SMALLCONST -pmediumconst=MEDIUMCONST -pconst=CONST \
  -AFARRAM=00h-00h -ACONFIG=0300000h-030000Dh -pconfig=CONFIG \
  -AIDLOC=0200000h-0200007h -pidloc=IDLOC -AEEDATA=0F00000h-0F000FFh \
  -peeprom_data=EEDATA \
  -prdata=COMRAM,nvrram=COMRAM,nvbit=COMRAM,rbss=COMRAM,rbit=COMRAM \
  -pfarbss=FARRAM,fardata=FARRAM,nvFARRAM=FARRAM \
  -pintsave_regs=BIGRAM,bigbss=BIGRAM,bigdata=BIGRAM -pbss=RAM \
  -pidata=CODE,irdata=CODE,ibigdata=CODE,ifardata=CODE -prparam=COMRAM \
  /tmp/xcXso0WNG.obj dist/default/production/telnet.X.production.obj 

Object code version is 3.11

Machine type is 18F4550

Call graph: (short form)




                Name                               Link     Load   Length Selector   Space Scale
/tmp/xcXso0WNG.obj
                init                                  0        0        4        0       0
                idloc                            200000   200000        8   200000       0
                config                           300000   300000        E   300000       0
dist/default/production/telnet.X.production.obj
                mediumconst                        7EE4     7EE4      11C     3F72       0
                text26                             7086     7086       2C     3843       0
                text25                             7016     7016       20     380B       0
                text24                             72A2     72A2       72     3951       0
                text23                             6FF4     6FF4        E     37FA       0
                text22                             719C     719C       50     38CE       0
                text21                             70E0     70E0       38     3870       0
                text20                             7314     7314       72     398A       0
                text19                             73FE     73FE       84     39FF       0
                text18                             705C     705C       2A     382E       0
                text17                             7742     7742       E6     3BA1       0
                text16                             7036     7036       26     381B       0
                text15                             723E     723E       64     391F       0
                text14                             71EC     71EC       52     38F6       0
                text13                             7118     7118       42     388C       0
                text12                             7512     7512       A4     3A89       0
                text11                             715A     715A       42     38AD       0
                text10                             7664     7664       DE     3B32       0
                text9                              7482     7482       90     3A41       0
                text8                              75B6     75B6       AE     3ADB       0
                text7                              7386     7386       78     39C3       0
                text6                              7828     7828       E6     3C14       0
                text5                              790E     790E       F4     3C87       0
                text4                              7A02     7A02       F4     3D01       0
                text3                              7AF6     7AF6      190     3D7B       0
                text2                              7002     7002       14     3801       0
                text1                              70B2     70B2       2E     3859       0
                text0                              7C86     7C86      25E     3E43       0
                cstackCOMRAM                          1        1       40        1       1
                cinit                              6FEA     6FEA        A     37F5       0

TOTAL           Name                               Link     Load   Length     Space
        CLASS   STACK          

        CLASS   CODE           
                init                                  0        0        4         0
                text26                             7086     7086       2C         0
                text25                             7016     7016       20         0
                text24                             72A2     72A2       72         0
                text23                             6FF4     6FF4        E         0
                text22                             719C     719C       50         0
                text21                             70E0     70E0       38         0
                text20                             7314     7314       72         0
                text19                             73FE     73FE       84         0
                text18                             705C     705C       2A         0
                text17                             7742     7742       E6         0
                text16                             7036     7036       26         0
                text15                             723E     723E       64         0
                text14                             71EC     71EC       52         0
                text13                             7118     7118       42         0
                text12                             7512     7512       A4         0
                text11                             715A     715A       42         0
                text10                             7664     7664       DE         0
                text9                              7482     7482       90         0
                text8                              75B6     75B6       AE         0
                text7                              7386     7386       78         0
                text6                              7828     7828       E6         0
                text5                              790E     790E       F4         0
                text4                              7A02     7A02       F4         0
                text3                              7AF6     7AF6      190         0
                text2                              7002     7002       14         0
                text1                              70B2     70B2       2E         0
                text0                              7C86     7C86      25E         0
                cinit                              6FEA     6FEA        A         0

        CLASS   CONST          

        CLASS   SMALLCONST     

        CLASS   MEDIUMCONST    
                mediumconst                        7EE4     7EE4      11C         0

        CLASS   COMRAM         
                cstackCOMRAM                          1        1       40         1

        CLASS   ABS1           

        CLASS   BIGRAM         

        CLASS   RAM            

        CLASS   BANK0          

        CLASS   BANK1          

        CLASS   BANK2          

        CLASS   BANK3          

        CLASS   BANK4          

        CLASS   BANK5          

        CLASS   BANK6          

        CLASS   BANK7          

        CLASS   SFR            

        CLASS   FARRAM         

        CLASS   CONFIG         
                config                           300000   300000        E         0

        CLASS   IDLOC          
                idloc                            200000   200000        8         0

        CLASS   EEDATA         



SEGMENTS        Name                           Load    Length   Top    Selector   Space  Class

                reset_vec                      000000  000004  000004         0       0  CODE    
                cstackCOMRAM                   000001  000040  000041         1       1  COMRAM  
                cinit                          006FEA  00000A  006FF4      37F5       0  CODE    
                text23                         006FF4  00000E  007002      37FA       0  CODE    
                text2                          007002  000014  007016      3801       0  CODE    
                text25                         007016  000020  007036      380B       0  CODE    
                text16                         007036  000026  00705C      381B       0  CODE    
                text18                         00705C  00002A  007086      382E       0  CODE    
                text26                         007086  00002C  0070B2      3843       0  CODE    
                text1                          0070B2  00002E  0070E0      3859       0  CODE    
                text21                         0070E0  000038  007118      3870       0  CODE    
                text13                         007118  000042  00715A      388C       0  CODE    
                text11                         00715A  000042  00719C      38AD       0  CODE    
                text22                         00719C  000050  0071EC      38CE       0  CODE    
                text14                         0071EC  000052  00723E      38F6       0  CODE    
                text15                         00723E  000064  0072A2      391F       0  CODE    
                text24                         0072A2  000072  007314      3951       0  CODE    
                text20                         007314  000072  007386      398A       0  CODE    
                text7                          007386  000078  0073FE      39C3       0  CODE    
                text19                         0073FE  000084  007482      39FF       0  CODE    
                text9                          007482  000090  007512      3A41       0  CODE    
                text12                         007512  0000A4  0075B6      3A89       0  CODE    
                text8                          0075B6  0000AE  007664      3ADB       0  CODE    
                text10                         007664  0000DE  007742      3B32       0  CODE    
                text17                         007742  0000E6  007828      3BA1       0  CODE    
                text6                          007828  0000E6  00790E      3C14       0  CODE    
                text5                          00790E  0000F4  007A02      3C87       0  CODE    
                text4                          007A02  0000F4  007AF6      3D01       0  CODE    
                text3                          007AF6  000190  007C86      3D7B       0  CODE    
                text0                          007C86  00025E  007EE4      3E43       0  CODE    
                mediumconst                    007EE4  00011C  008000      3F72       0  MEDIUMCO
                idloc                          200000  000008  200008    200000       0  IDLOC   
                config                         300000  00000E  30000E    300000       0  CONFIG  


UNUSED ADDRESS RANGES

        Name                Unused          Largest block    Delta
        BANK0            000060-0000FF               A0
        BANK1            000100-0001FF              100
        BANK2            000200-0002FF              100
        BANK3            000300-0003FF              100
        BANK4            000400-0004FF              100
        BANK5            000500-0005FF              100
        BANK6            000600-0006FF              100
        BANK7            000700-0007FF              100
        BIGRAM           000041-0007FF              7BF
        CODE             000004-006FE9             6FE6
        COMRAM           000041-00005F               1F
        CONST            000004-006FE9             6FE6
        EEDATA           F00000-F000FF              100
        MEDIUMCONST      000800-006FE9             67EA
        RAM              000060-0007FF              100
        SFR              000F60-000FFF               A0
        SMALLCONST       000800-006FE9              100
        STACK            000060-0007FF              7A0

                                  Symbol Table

?___altoft                          cstackCOMRAM 000009
?___awdiv                           cstackCOMRAM 000001
?___ftdiv                           cstackCOMRAM 000013
?___ftmul                           cstackCOMRAM 000009
?___ftpack                          cstackCOMRAM 000001
?___fttol                           cstackCOMRAM 000001
?___lwdiv                           cstackCOMRAM 000001
?___lwmod                           cstackCOMRAM 000001
?___wmul                            cstackCOMRAM 000001
Lcd_Cmd@a                           cstackCOMRAM 000003
Lcd_Port@a                          cstackCOMRAM 000001
Lcd_Set_Cursor@a                    cstackCOMRAM 000005
Lcd_Set_Cursor@b                    cstackCOMRAM 000004
Lcd_Set_Cursor@temp                 cstackCOMRAM 000008
Lcd_Set_Cursor@y                    cstackCOMRAM 000007
Lcd_Set_Cursor@z                    cstackCOMRAM 000006
Lcd_Write_Char@a                    cstackCOMRAM 000004
Lcd_Write_Char@temp                 cstackCOMRAM 000002
Lcd_Write_Char@y                    cstackCOMRAM 000003
Lcd_Write_String@a                  cstackCOMRAM 000005
Lcd_Write_String@i                  cstackCOMRAM 000009
Set_LED@blue                        cstackCOMRAM 00000F
Set_LED@color_name                  cstackCOMRAM 000013
Set_LED@count                       cstackCOMRAM 000011
Set_LED@green                       cstackCOMRAM 00000D
Set_LED@i                           cstackCOMRAM 000016
Set_LED@red                         cstackCOMRAM 00000B
_BAUDCONbits                        (abs)        000FB8
_Lcd_Clear                          text23       006FF4
_Lcd_Cmd                            text25       007016
_Lcd_Init                           text24       0072A2
_Lcd_Port                           text26       007086
_Lcd_Set_Cursor                     text22       00719C
_Lcd_Write_Char                     text21       0070E0
_Lcd_Write_String                   text20       007314
_PIE1bits                           (abs)        000F9D
_PIR1bits                           (abs)        000F9E
_PORTAbits                          (abs)        000F80
_PORTCbits                          (abs)        000F82
_PORTDbits                          (abs)        000F83
_PORTEbits                          (abs)        000F84
_RCREG                              (abs)        000FAE
_RCSTA                              (abs)        000FAB
_RCSTAbits                          (abs)        000FAB
_SPBRG                              (abs)        000FAF
_Set_LED                            text17       007742
_TMR1H                              (abs)        000FCF
_TMR1L                              (abs)        000FCE
_TMR1ON                             (abs)        007E68
_TRISA                              (abs)        000F92
_TRISB                              (abs)        000F93
_TRISC                              (abs)        000F94
_TRISCbits                          (abs)        000F94
_TRISD                              (abs)        000F95
_TRISE                              (abs)        000F96
_TXSTA                              (abs)        000FAC
_TXSTAbits                          (abs)        000FAC
__CFG_DEBUG$ON                      (abs)        000000
__CFG_FOSC$HS                       (abs)        000000
__CFG_LVP$OFF                       (abs)        000000
__CFG_MCLRE$ON                      (abs)        000000
__CFG_WDT$OFF                       (abs)        000000
__HRAM                              (abs)        000000
__Habs1                             abs1         000000
__Hbank0                            bank0        000000
__Hbank1                            bank1        000000
__Hbank2                            bank2        000000
__Hbank3                            bank3        000000
__Hbank4                            bank4        000000
__Hbank5                            bank5        000000
__Hbank6                            bank6        000000
__Hbank7                            bank7        000000
__Hbigbss                           bigbss       000000
__Hbigdata                          bigdata      000000
__Hbigram                           bigram       000000
__Hbss                              bss          000000
__Hcinit                            cinit        000000
__Hclrtext                          clrtext      000000
__Hcomram                           comram       000000
__Hconfig                           config       30000E
__Hconst                            const        000000
__HcstackCOMRAM                     cstackCOMRAM 000000
__Hdata                             data         000000
__Heeprom_data                      eeprom_data  000000
__Hfarbss                           farbss       000000
__Hfardata                          fardata      000000
__Hibigdata                         ibigdata     000000
__Hidata                            idata        000000
__Hidloc                            idloc        200008
__Hifardata                         ifardata     000000
__Hinit                             init         000004
__Hintcode                          intcode      000000
__Hintcode_body                     intcode_body 000000
__Hintcodelo                        intcodelo    000000
__Hintentry                         intentry     000000
__Hintret                           intret       000000
__Hintsave_regs                     intsave_regs 000000
__Hirdata                           irdata       000000
__Hmediumconst                      mediumconst  008000
__HnvFARRAM                         nvFARRAM     000000
__Hnvbit                            nvbit        000000
__Hnvrram                           nvrram       000000
__Hparam                            rparam       000000
__Hpowerup                          powerup      000000
__Hram                              ram          000000
__Hramtop                           ramtop       000800
__Hrbit                             rbit         000000
__Hrbss                             rbss         000000
__Hrdata                            rdata        000000
__Hreset_vec                        reset_vec    000000
__Hrparam                           rparam       000000
__Hsfr                              sfr          000000
__Hsmallconst                       smallconst   000000
__Hspace_0                          (abs)        30000E
__Hspace_1                          (abs)        000041
__Hspace_2                          (abs)        000000
__Hstack                            stack        000000
__Hstruct                           struct       000000
__Htemp                             temp         000000
__Htext                             text         000000
__Htext0                            text0        000000
__Htext1                            text1        000000
__Htext10                           text10       000000
__Htext11                           text11       000000
__Htext12                           text12       000000
__Htext13                           text13       000000
__Htext14                           text14       000000
__Htext15                           text15       000000
__Htext16                           text16       000000
__Htext17                           text17       000000
__Htext18                           text18       000000
__Htext19                           text19       000000
__Htext2                            text2        000000
__Htext20                           text20       000000
__Htext21                           text21       000000
__Htext22                           text22       000000
__Htext23                           text23       000000
__Htext24                           text24       000000
__Htext25                           text25       000000
__Htext26                           text26       000000
__Htext3                            text3        000000
__Htext4                            text4        000000
__Htext5                            text5        000000
__Htext6                            text6        000000
__Htext7                            text7        000000
__Htext8                            text8        000000
__Htext9                            text9        000000
__LRAM                              (abs)        000001
__Labs1                             abs1         000000
__Lbank0                            bank0        000000
__Lbank1                            bank1        000000
__Lbank2                            bank2        000000
__Lbank3                            bank3        000000
__Lbank4                            bank4        000000
__Lbank5                            bank5        000000
__Lbank6                            bank6        000000
__Lbank7                            bank7        000000
__Lbigbss                           bigbss       000000
__Lbigdata                          bigdata      000000
__Lbigram                           bigram       000000
__Lbss                              bss          000000
__Lcinit                            cinit        000000
__Lclrtext                          clrtext      000000
__Lcomram                           comram       000000
__Lconfig                           config       300000
__Lconst                            const        000000
__LcstackCOMRAM                     cstackCOMRAM 000000
__Ldata                             data         000000
__Leeprom_data                      eeprom_data  000000
__Lfarbss                           farbss       000000
__Lfardata                          fardata      000000
__Libigdata                         ibigdata     000000
__Lidata                            idata        000000
__Lidloc                            idloc        200000
__Lifardata                         ifardata     000000
__Linit                             init         000000
__Lintcode                          intcode      000000
__Lintcode_body                     intcode_body 000000
__Lintcodelo                        intcodelo    000000
__Lintentry                         intentry     000000
__Lintret                           intret       000000
__Lintsave_regs                     intsave_regs 000000
__Lirdata                           irdata       000000
__Lmediumconst                      mediumconst  007EE4
__LnvFARRAM                         nvFARRAM     000000
__Lnvbit                            nvbit        000000
__Lnvrram                           nvrram       000000
__Lparam                            rparam       000000
__Lpowerup                          powerup      000000
__Lram                              ram          000000
__Lramtop                           ramtop       000800
__Lrbit                             rbit         000000
__Lrbss                             rbss         000000
__Lrdata                            rdata        000000
__Lreset_vec                        reset_vec    000000
__Lrparam                           rparam       000000
__Lsfr                              sfr          000000
__Lsmallconst                       smallconst   000000
__Lspace_0                          (abs)        000000
__Lspace_1                          (abs)        000000
__Lspace_2                          (abs)        000000
__Lstack                            stack        000000
__Lstruct                           struct       000000
__Ltemp                             temp         000000
__Ltext                             text         000000
__Ltext0                            text0        000000
__Ltext1                            text1        000000
__Ltext10                           text10       000000
__Ltext11                           text11       000000
__Ltext12                           text12       000000
__Ltext13                           text13       000000
__Ltext14                           text14       000000
__Ltext15                           text15       000000
__Ltext16                           text16       000000
__Ltext17                           text17       000000
__Ltext18                           text18       000000
__Ltext19                           text19       000000
__Ltext2                            text2        000000
__Ltext20                           text20       000000
__Ltext21                           text21       000000
__Ltext22                           text22       000000
__Ltext23                           text23       000000
__Ltext24                           text24       000000
__Ltext25                           text25       000000
__Ltext26                           text26       000000
__Ltext3                            text3        000000
__Ltext4                            text4        000000
__Ltext5                            text5        000000
__Ltext6                            text6        000000
__Ltext7                            text7        000000
__Ltext8                            text8        000000
__Ltext9                            text9        000000
__S0                                (abs)        30000E
__S1                                (abs)        000041
__S2                                (abs)        000000
___altoft                           text7        007386
___altoft@c                         cstackCOMRAM 000009
___altoft@exp                       cstackCOMRAM 000011
___altoft@sign                      cstackCOMRAM 000012
___awdiv                            text19       0073FE
___awdiv@counter                    cstackCOMRAM 000005
___awdiv@dividend                   cstackCOMRAM 000001
___awdiv@divisor                    cstackCOMRAM 000003
___awdiv@quotient                   cstackCOMRAM 000007
___awdiv@sign                       cstackCOMRAM 000006
___ftdiv                            text6        007828
___ftdiv@cntr                       cstackCOMRAM 00001C
___ftdiv@exp                        cstackCOMRAM 000020
___ftdiv@f1                         cstackCOMRAM 000013
___ftdiv@f2                         cstackCOMRAM 000016
___ftdiv@f3                         cstackCOMRAM 00001D
___ftdiv@sign                       cstackCOMRAM 000021
___ftmul                            text5        00790E
___ftmul@cntr                       cstackCOMRAM 000016
___ftmul@exp                        cstackCOMRAM 000012
___ftmul@f1                         cstackCOMRAM 000009
___ftmul@f2                         cstackCOMRAM 00000C
___ftmul@f3_as_product              cstackCOMRAM 000013
___ftmul@sign                       cstackCOMRAM 000017
___ftpack                           text8        0075B6
___ftpack@arg                       cstackCOMRAM 000001
___ftpack@exp                       cstackCOMRAM 000004
___ftpack@sign                      cstackCOMRAM 000005
___fttol                            text4        007A02
___fttol@exp1                       cstackCOMRAM 00000F
___fttol@f1                         cstackCOMRAM 000001
___fttol@lval                       cstackCOMRAM 00000B
___fttol@sign1                      cstackCOMRAM 00000A
___inthi_sp                         stack        000000
___intlo_sp                         stack        000000
___lwdiv                            text14       0071EC
___lwdiv@counter                    cstackCOMRAM 000007
___lwdiv@dividend                   cstackCOMRAM 000001
___lwdiv@divisor                    cstackCOMRAM 000003
___lwdiv@quotient                   cstackCOMRAM 000005
___lwmod                            text13       007118
___lwmod@counter                    cstackCOMRAM 000005
___lwmod@dividend                   cstackCOMRAM 000001
___lwmod@divisor                    cstackCOMRAM 000003
___param_bank                       (abs)        000000
___rparam_used                      (abs)        000001
___sp                               stack        000000
___wmul                             text16       007036
___wmul@multiplicand                cstackCOMRAM 000003
___wmul@multiplier                  cstackCOMRAM 000001
___wmul@product                     cstackCOMRAM 000005
__accesstop                         (abs)        000060
__activetblptr                      (abs)        000002
__end_of_Lcd_Clear                  text23       007002
__end_of_Lcd_Cmd                    text25       007036
__end_of_Lcd_Init                   text24       007314
__end_of_Lcd_Port                   text26       0070B2
__end_of_Lcd_Set_Cursor             text22       0071EC
__end_of_Lcd_Write_Char             text21       007118
__end_of_Lcd_Write_String           text20       007386
__end_of_Set_LED                    text17       007828
__end_of___altoft                   text7        0073FE
__end_of___awdiv                    text19       007482
__end_of___ftdiv                    text6        00790E
__end_of___ftmul                    text5        007A02
__end_of___ftpack                   text8        007664
__end_of___fttol                    text4        007AF6
__end_of___lwdiv                    text14       00723E
__end_of___lwmod                    text13       00715A
__end_of___wmul                     text16       00705C
__end_of__initialization            cinit        006FEA
__end_of_buzz_seconds               text15       0072A2
__end_of_countdown_timer            text10       007742
__end_of_itoa                       text11       00719C
__end_of_main                       text0        007EE4
__end_of_motion_sensor              text9        007512
__end_of_read_and_print_distance    text3        007C86
__end_of_read_char                  text2        007016
__end_of_standby_message            text1        0070E0
__end_of_utoa                       text12       0075B6
__end_of_var_delay_us               text18       007086
__initialization                    cinit        006FEA
__mediumconst                       mediumconst  007EE4
__pcinit                            cinit        006FEA
__pcstackCOMRAM                     cstackCOMRAM 000001
__pmediumconst                      mediumconst  007EE4
__ptext0                            text0        007C86
__ptext1                            text1        0070B2
__ptext10                           text10       007664
__ptext11                           text11       00715A
__ptext12                           text12       007512
__ptext13                           text13       007118
__ptext14                           text14       0071EC
__ptext15                           text15       00723E
__ptext16                           text16       007036
__ptext17                           text17       007742
__ptext18                           text18       00705C
__ptext19                           text19       0073FE
__ptext2                            text2        007002
__ptext20                           text20       007314
__ptext21                           text21       0070E0
__ptext22                           text22       00719C
__ptext23                           text23       006FF4
__ptext24                           text24       0072A2
__ptext25                           text25       007016
__ptext26                           text26       007086
__ptext3                            text3        007AF6
__ptext4                            text4        007A02
__ptext5                            text5        00790E
__ptext6                            text6        007828
__ptext7                            text7        007386
__ptext8                            text8        0075B6
__ptext9                            text9        007482
__ramtop                            ramtop       000800
__size_of_Lcd_Clear                 (abs)        000000
__size_of_Lcd_Cmd                   (abs)        000000
__size_of_Lcd_Init                  (abs)        000000
__size_of_Lcd_Port                  (abs)        000000
__size_of_Lcd_Set_Cursor            (abs)        000000
__size_of_Lcd_Write_Char            (abs)        000000
__size_of_Lcd_Write_String          (abs)        000000
__size_of_Set_LED                   (abs)        000000
__size_of___altoft                  (abs)        000000
__size_of___awdiv                   (abs)        000000
__size_of___ftdiv                   (abs)        000000
__size_of___ftmul                   (abs)        000000
__size_of___ftpack                  (abs)        000000
__size_of___fttol                   (abs)        000000
__size_of___lwdiv                   (abs)        000000
__size_of___lwmod                   (abs)        000000
__size_of___wmul                    (abs)        000000
__size_of_buzz_seconds              (abs)        000000
__size_of_countdown_timer           (abs)        000000
__size_of_itoa                      (abs)        000000
__size_of_main                      (abs)        000000
__size_of_motion_sensor             (abs)        000000
__size_of_read_and_print_distance   (abs)        000000
__size_of_read_char                 (abs)        000000
__size_of_standby_message           (abs)        000000
__size_of_utoa                      (abs)        000000
__size_of_var_delay_us              (abs)        000000
__smallconst                        smallconst   000000
_buzz_seconds                       text15       00723E
_countdown_timer                    text10       007664
_itoa                               text11       00715A
_main                               text0        007C86
_motion_sensor                      text9        007482
_read_and_print_distance            text3        007AF6
_read_char                          text2        007002
_standby_message                    text1        0070B2
_utoa                               text12       007512
_var_delay_us                       text18       00705C
buzz_seconds@i                      cstackCOMRAM 00000C
buzz_seconds@seconds                cstackCOMRAM 000007
buzz_seconds@time                   cstackCOMRAM 00000A
countdown_timer@i                   cstackCOMRAM 000021
countdown_timer@sec_str             cstackCOMRAM 00001D
countdown_timer@seconds             cstackCOMRAM 000019
end_of_initialization               cinit        006FEA
intlevel0                           text         000000
intlevel1                           text         000000
intlevel2                           text         000000
intlevel3                           text         000000
itoa@base                           cstackCOMRAM 000015
itoa@buf                            cstackCOMRAM 000011
itoa@cp                             cstackCOMRAM 000017
itoa@val                            cstackCOMRAM 000013
main@led_time                       cstackCOMRAM 00003F
main@ours                           cstackCOMRAM 00003E
read_and_print_distance@cent_str    cstackCOMRAM 000028
read_and_print_distance@centimeters cstackCOMRAM 000039
read_and_print_distance@count       cstackCOMRAM 000022
read_and_print_distance@distance    cstackCOMRAM 000030
read_and_print_distance@i           cstackCOMRAM 000037
read_and_print_distance@inch_str    cstackCOMRAM 00002C
read_and_print_distance@inches      cstackCOMRAM 000034
stackhi                             (abs)        0007FF
stacklo                             (abs)        000060
start                               init         000000
start_initialization                cinit        006FEA
utoa@base                           cstackCOMRAM 00000C
utoa@buf                            cstackCOMRAM 000008
utoa@c                              cstackCOMRAM 000010
utoa@v                              cstackCOMRAM 00000E
utoa@val                            cstackCOMRAM 00000A
var_delay_us@i                      cstackCOMRAM 000004
var_delay_us@us                     cstackCOMRAM 000001


FUNCTION INFORMATION:

 *************** function _main *****************
 Defined at:
		line 172 in file "newmain.c"
 Parameters:    Size  Location     Type
		None
 Auto vars:     Size  Location     Type
  led_time        2   62[COMRAM] int 
  ours            1   61[COMRAM] unsigned char 
 Return value:  Size  Location     Type
                  1    wreg      void 
 Registers used:
		wreg, fsr2l, fsr2h, status,2, status,0, tblptrl, tblptrh, tblptru, prodl, prodh, cstack
 Tracked objects:
		On entry : 
		On exit  : 
		Unchanged: 
 Data sizes:     COMRAM   BANK0   BANK1   BANK2   BANK3   BANK4   BANK5   BANK6   BANK7
      Params:         0       0       0       0       0       0       0       0       0
      Locals:         3       0       0       0       0       0       0       0       0
      Temps:          2       0       0       0       0       0       0       0       0
      Totals:         5       0       0       0       0       0       0       0       0
Total ram usage:        5 bytes
 Hardware stack levels required when called:    4
 This function calls:
		_Lcd_Clear
		_Lcd_Init
		_Lcd_Set_Cursor
		_Lcd_Write_Char
		_Lcd_Write_String
		_Set_LED
		_countdown_timer
		_motion_sensor
		_read_and_print_distance
		_read_char
		_standby_message
 This function is called by:
		Startup code after reset
 This function uses a non-reentrant model


 *************** function _standby_message *****************
 Defined at:
		line 114 in file "newmain.c"
 Parameters:    Size  Location     Type
		None
 Auto vars:     Size  Location     Type
		None
 Return value:  Size  Location     Type
                  1    wreg      void 
 Registers used:
		wreg, fsr2l, fsr2h, status,2, status,0, tblptrl, tblptrh, tblptru, cstack
 Tracked objects:
		On entry : 
		On exit  : 
		Unchanged: 
 Data sizes:     COMRAM   BANK0   BANK1   BANK2   BANK3   BANK4   BANK5   BANK6   BANK7
      Params:         0       0       0       0       0       0       0       0       0
      Locals:         0       0       0       0       0       0       0       0       0
      Temps:          0       0       0       0       0       0       0       0       0
      Totals:         0       0       0       0       0       0       0       0       0
Total ram usage:        0 bytes
 Hardware stack levels used:    1
 Hardware stack levels required when called:    3
 This function calls:
		_Lcd_Set_Cursor
		_Lcd_Write_String
 This function is called by:
		_main
 This function uses a non-reentrant model


 *************** function _read_char *****************
 Defined at:
		line 39 in file "newmain.c"
 Parameters:    Size  Location     Type
		None
 Auto vars:     Size  Location     Type
		None
 Return value:  Size  Location     Type
                  1    wreg      unsigned char 
 Registers used:
		wreg, status,2
 Tracked objects:
		On entry : 
		On exit  : 
		Unchanged: 
 Data sizes:     COMRAM   BANK0   BANK1   BANK2   BANK3   BANK4   BANK5   BANK6   BANK7
      Params:         0       0       0       0       0       0       0       0       0
      Locals:         0       0       0       0       0       0       0       0       0
      Temps:          0       0       0       0       0       0       0       0       0
      Totals:         0       0       0       0       0       0       0       0       0
Total ram usage:        0 bytes
 Hardware stack levels used:    1
 This function calls:
		Nothing
 This function is called by:
		_main
 This function uses a non-reentrant model


 *************** function _read_and_print_distance *****************
 Defined at:
		line 79 in file "newmain.c"
 Parameters:    Size  Location     Type
  count           2   33[COMRAM] int 
 Auto vars:     Size  Location     Type
  i               2   54[COMRAM] int 
  inch_str        4   43[COMRAM] unsigned char [4]
  cent_str        4   39[COMRAM] unsigned char [4]
  distance        4   47[COMRAM] long 
  centimeters     3   56[COMRAM] float 
  inches          3   51[COMRAM] float 
 Return value:  Size  Location     Type
                  1    wreg      void 
 Registers used:
		wreg, fsr2l, fsr2h, status,2, status,0, tblptrl, tblptrh, tblptru, cstack
 Tracked objects:
		On entry : 
		On exit  : 
		Unchanged: 
 Data sizes:     COMRAM   BANK0   BANK1   BANK2   BANK3   BANK4   BANK5   BANK6   BANK7
      Params:         2       0       0       0       0       0       0       0       0
      Locals:        20       0       0       0       0       0       0       0       0
      Temps:          4       0       0       0       0       0       0       0       0
      Totals:        26       0       0       0       0       0       0       0       0
Total ram usage:       26 bytes
 Hardware stack levels used:    1
 Hardware stack levels required when called:    3
 This function calls:
		_Lcd_Clear
		_Lcd_Set_Cursor
		_Lcd_Write_String
		___altoft
		___ftdiv
		___ftmul
		___fttol
		_itoa
 This function is called by:
		_main
 This function uses a non-reentrant model


 *************** function ___fttol *****************
 Defined at:
		line 44 in file "/opt/microchip/xc8/v1.42/sources/common/fttol.c"
 Parameters:    Size  Location     Type
  f1              3    0[COMRAM] float 
 Auto vars:     Size  Location     Type
  lval            4   10[COMRAM] unsigned long 
  exp1            1   14[COMRAM] unsigned char 
  sign1           1    9[COMRAM] unsigned char 
 Return value:  Size  Location     Type
                  4    0[COMRAM] long 
 Registers used:
		wreg, status,2, status,0
 Tracked objects:
		On entry : 
		On exit  : 
		Unchanged: 
 Data sizes:     COMRAM   BANK0   BANK1   BANK2   BANK3   BANK4   BANK5   BANK6   BANK7
      Params:         4       0       0       0       0       0       0       0       0
      Locals:         6       0       0       0       0       0       0       0       0
      Temps:          5       0       0       0       0       0       0       0       0
      Totals:        15       0       0       0       0       0       0       0       0
Total ram usage:       15 bytes
 Hardware stack levels used:    1
 This function calls:
		Nothing
 This function is called by:
		_read_and_print_distance
 This function uses a non-reentrant model


 *************** function ___ftmul *****************
 Defined at:
		line 62 in file "/opt/microchip/xc8/v1.42/sources/common/ftmul.c"
 Parameters:    Size  Location     Type
  f1              3    8[COMRAM] float 
  f2              3   11[COMRAM] float 
 Auto vars:     Size  Location     Type
  f3_as_produc    3   18[COMRAM] unsigned um
  sign            1   22[COMRAM] unsigned char 
  cntr            1   21[COMRAM] unsigned char 
  exp             1   17[COMRAM] unsigned char 
 Return value:  Size  Location     Type
                  3    8[COMRAM] float 
 Registers used:
		wreg, status,2, status,0, cstack
 Tracked objects:
		On entry : 
		On exit  : 
		Unchanged: 
 Data sizes:     COMRAM   BANK0   BANK1   BANK2   BANK3   BANK4   BANK5   BANK6   BANK7
      Params:         6       0       0       0       0       0       0       0       0
      Locals:         6       0       0       0       0       0       0       0       0
      Temps:          3       0       0       0       0       0       0       0       0
      Totals:        15       0       0       0       0       0       0       0       0
Total ram usage:       15 bytes
 Hardware stack levels used:    1
 Hardware stack levels required when called:    1
 This function calls:
		___ftpack
 This function is called by:
		_read_and_print_distance
 This function uses a non-reentrant model


 *************** function ___ftdiv *****************
 Defined at:
		line 54 in file "/opt/microchip/xc8/v1.42/sources/common/ftdiv.c"
 Parameters:    Size  Location     Type
  f1              3   18[COMRAM] float 
  f2              3   21[COMRAM] float 
 Auto vars:     Size  Location     Type
  f3              3   28[COMRAM] float 
  sign            1   32[COMRAM] unsigned char 
  exp             1   31[COMRAM] unsigned char 
  cntr            1   27[COMRAM] unsigned char 
 Return value:  Size  Location     Type
                  3   18[COMRAM] float 
 Registers used:
		wreg, status,2, status,0, cstack
 Tracked objects:
		On entry : 
		On exit  : 
		Unchanged: 
 Data sizes:     COMRAM   BANK0   BANK1   BANK2   BANK3   BANK4   BANK5   BANK6   BANK7
      Params:         6       0       0       0       0       0       0       0       0
      Locals:         6       0       0       0       0       0       0       0       0
      Temps:          3       0       0       0       0       0       0       0       0
      Totals:        15       0       0       0       0       0       0       0       0
Total ram usage:       15 bytes
 Hardware stack levels used:    1
 Hardware stack levels required when called:    1
 This function calls:
		___ftpack
 This function is called by:
		_read_and_print_distance
 This function uses a non-reentrant model


 *************** function ___altoft *****************
 Defined at:
		line 42 in file "/opt/microchip/xc8/v1.42/sources/common/altoft.c"
 Parameters:    Size  Location     Type
  c               4    8[COMRAM] long 
 Auto vars:     Size  Location     Type
  sign            1   17[COMRAM] unsigned char 
  exp             1   16[COMRAM] unsigned char 
 Return value:  Size  Location     Type
                  3    8[COMRAM] float 
 Registers used:
		wreg, status,2, status,0, cstack
 Tracked objects:
		On entry : 
		On exit  : 
		Unchanged: 
 Data sizes:     COMRAM   BANK0   BANK1   BANK2   BANK3   BANK4   BANK5   BANK6   BANK7
      Params:         4       0       0       0       0       0       0       0       0
      Locals:         2       0       0       0       0       0       0       0       0
      Temps:          4       0       0       0       0       0       0       0       0
      Totals:        10       0       0       0       0       0       0       0       0
Total ram usage:       10 bytes
 Hardware stack levels used:    1
 Hardware stack levels required when called:    1
 This function calls:
		___ftpack
 This function is called by:
		_read_and_print_distance
 This function uses a non-reentrant model


 *************** function ___ftpack *****************
 Defined at:
		line 62 in file "/opt/microchip/xc8/v1.42/sources/common/float.c"
 Parameters:    Size  Location     Type
  arg             3    0[COMRAM] unsigned um
  exp             1    3[COMRAM] unsigned char 
  sign            1    4[COMRAM] unsigned char 
 Auto vars:     Size  Location     Type
		None
 Return value:  Size  Location     Type
                  3    0[COMRAM] float 
 Registers used:
		wreg, status,2, status,0
 Tracked objects:
		On entry : 
		On exit  : 
		Unchanged: 
 Data sizes:     COMRAM   BANK0   BANK1   BANK2   BANK3   BANK4   BANK5   BANK6   BANK7
      Params:         5       0       0       0       0       0       0       0       0
      Locals:         0       0       0       0       0       0       0       0       0
      Temps:          3       0       0       0       0       0       0       0       0
      Totals:         8       0       0       0       0       0       0       0       0
Total ram usage:        8 bytes
 Hardware stack levels used:    1
 This function calls:
		Nothing
 This function is called by:
		___altoft
		___ftdiv
		___ftmul
 This function uses a non-reentrant model


 *************** function _motion_sensor *****************
 Defined at:
		line 142 in file "newmain.c"
 Parameters:    Size  Location     Type
		None
 Auto vars:     Size  Location     Type
		None
 Return value:  Size  Location     Type
                  1    wreg      void 
 Registers used:
		wreg, fsr2l, fsr2h, status,2, status,0, tblptrl, tblptrh, tblptru, prodl, prodh, cstack
 Tracked objects:
		On entry : 
		On exit  : 
		Unchanged: 
 Data sizes:     COMRAM   BANK0   BANK1   BANK2   BANK3   BANK4   BANK5   BANK6   BANK7
      Params:         0       0       0       0       0       0       0       0       0
      Locals:         0       0       0       0       0       0       0       0       0
      Temps:          0       0       0       0       0       0       0       0       0
      Totals:         0       0       0       0       0       0       0       0       0
Total ram usage:        0 bytes
 Hardware stack levels used:    1
 Hardware stack levels required when called:    3
 This function calls:
		_Lcd_Clear
		_Lcd_Set_Cursor
		_Lcd_Write_String
		_buzz_seconds
 This function is called by:
		_main
 This function uses a non-reentrant model


 *************** function _countdown_timer *****************
 Defined at:
		line 119 in file "newmain.c"
 Parameters:    Size  Location     Type
  seconds         2   24[COMRAM] int 
 Auto vars:     Size  Location     Type
  i               2   32[COMRAM] int 
  sec_str         4   28[COMRAM] unsigned char [4]
 Return value:  Size  Location     Type
                  1    wreg      void 
 Registers used:
		wreg, fsr2l, fsr2h, status,2, status,0, tblptrl, tblptrh, tblptru, prodl, prodh, cstack
 Tracked objects:
		On entry : 
		On exit  : 
		Unchanged: 
 Data sizes:     COMRAM   BANK0   BANK1   BANK2   BANK3   BANK4   BANK5   BANK6   BANK7
      Params:         2       0       0       0       0       0       0       0       0
      Locals:         6       0       0       0       0       0       0       0       0
      Temps:          2       0       0       0       0       0       0       0       0
      Totals:        10       0       0       0       0       0       0       0       0
Total ram usage:       10 bytes
 Hardware stack levels used:    1
 Hardware stack levels required when called:    3
 This function calls:
		_Lcd_Clear
		_Lcd_Set_Cursor
		_Lcd_Write_String
		_buzz_seconds
		_itoa
 This function is called by:
		_main
 This function uses a non-reentrant model


 *************** function _itoa *****************
 Defined at:
		line 4 in file "/opt/microchip/xc8/v1.42/sources/common/itoa.c"
 Parameters:    Size  Location     Type
  buf             2   16[COMRAM] PTR unsigned char 
		 -> countdown_timer@sec_str(4), read_and_print_distance@cent_str(4), read_and_print_distance@inch_str(4), 
  val             2   18[COMRAM] int 
  base            2   20[COMRAM] int 
 Auto vars:     Size  Location     Type
  cp              2   22[COMRAM] PTR unsigned char 
		 -> countdown_timer@sec_str(4), read_and_print_distance@cent_str(4), read_and_print_distance@inch_str(4), 
 Return value:  Size  Location     Type
                  2   16[COMRAM] PTR unsigned char 
 Registers used:
		wreg, fsr2l, fsr2h, status,2, status,0, cstack
 Tracked objects:
		On entry : 
		On exit  : 
		Unchanged: 
 Data sizes:     COMRAM   BANK0   BANK1   BANK2   BANK3   BANK4   BANK5   BANK6   BANK7
      Params:         6       0       0       0       0       0       0       0       0
      Locals:         2       0       0       0       0       0       0       0       0
      Temps:          0       0       0       0       0       0       0       0       0
      Totals:         8       0       0       0       0       0       0       0       0
Total ram usage:        8 bytes
 Hardware stack levels used:    1
 Hardware stack levels required when called:    2
 This function calls:
		_utoa
 This function is called by:
		_read_and_print_distance
		_countdown_timer
 This function uses a non-reentrant model


 *************** function _utoa *****************
 Defined at:
		line 17 in file "/opt/microchip/xc8/v1.42/sources/common/itoa.c"
 Parameters:    Size  Location     Type
  buf             2    7[COMRAM] PTR unsigned char 
		 -> countdown_timer@sec_str(4), read_and_print_distance@cent_str(4), read_and_print_distance@inch_str(4), 
  val             2    9[COMRAM] unsigned int 
  base            2   11[COMRAM] int 
 Auto vars:     Size  Location     Type
  v               2   13[COMRAM] unsigned int 
  c               1   15[COMRAM] unsigned char 
 Return value:  Size  Location     Type
                  2    7[COMRAM] PTR unsigned char 
 Registers used:
		wreg, fsr2l, fsr2h, status,2, status,0, cstack
 Tracked objects:
		On entry : 
		On exit  : 
		Unchanged: 
 Data sizes:     COMRAM   BANK0   BANK1   BANK2   BANK3   BANK4   BANK5   BANK6   BANK7
      Params:         6       0       0       0       0       0       0       0       0
      Locals:         3       0       0       0       0       0       0       0       0
      Temps:          0       0       0       0       0       0       0       0       0
      Totals:         9       0       0       0       0       0       0       0       0
Total ram usage:        9 bytes
 Hardware stack levels used:    1
 Hardware stack levels required when called:    1
 This function calls:
		___lwdiv
		___lwmod
 This function is called by:
		_itoa
 This function uses a non-reentrant model


 *************** function ___lwmod *****************
 Defined at:
		line 8 in file "/opt/microchip/xc8/v1.42/sources/common/lwmod.c"
 Parameters:    Size  Location     Type
  dividend        2    0[COMRAM] unsigned int 
  divisor         2    2[COMRAM] unsigned int 
 Auto vars:     Size  Location     Type
  counter         1    4[COMRAM] unsigned char 
 Return value:  Size  Location     Type
                  2    0[COMRAM] unsigned int 
 Registers used:
		wreg, status,2, status,0
 Tracked objects:
		On entry : 
		On exit  : 
		Unchanged: 
 Data sizes:     COMRAM   BANK0   BANK1   BANK2   BANK3   BANK4   BANK5   BANK6   BANK7
      Params:         4       0       0       0       0       0       0       0       0
      Locals:         1       0       0       0       0       0       0       0       0
      Temps:          0       0       0       0       0       0       0       0       0
      Totals:         5       0       0       0       0       0       0       0       0
Total ram usage:        5 bytes
 Hardware stack levels used:    1
 This function calls:
		Nothing
 This function is called by:
		_utoa
 This function uses a non-reentrant model


 *************** function ___lwdiv *****************
 Defined at:
		line 8 in file "/opt/microchip/xc8/v1.42/sources/common/lwdiv.c"
 Parameters:    Size  Location     Type
  dividend        2    0[COMRAM] unsigned int 
  divisor         2    2[COMRAM] unsigned int 
 Auto vars:     Size  Location     Type
  quotient        2    4[COMRAM] unsigned int 
  counter         1    6[COMRAM] unsigned char 
 Return value:  Size  Location     Type
                  2    0[COMRAM] unsigned int 
 Registers used:
		wreg, status,2, status,0
 Tracked objects:
		On entry : 
		On exit  : 
		Unchanged: 
 Data sizes:     COMRAM   BANK0   BANK1   BANK2   BANK3   BANK4   BANK5   BANK6   BANK7
      Params:         4       0       0       0       0       0       0       0       0
      Locals:         3       0       0       0       0       0       0       0       0
      Temps:          0       0       0       0       0       0       0       0       0
      Totals:         7       0       0       0       0       0       0       0       0
Total ram usage:        7 bytes
 Hardware stack levels used:    1
 This function calls:
		Nothing
 This function is called by:
		_utoa
 This function uses a non-reentrant model


 *************** function _buzz_seconds *****************
 Defined at:
		line 52 in file "newmain.c"
 Parameters:    Size  Location     Type
  seconds         2    6[COMRAM] int 
 Auto vars:     Size  Location     Type
  i               2   11[COMRAM] int 
  time            2    9[COMRAM] int 
 Return value:  Size  Location     Type
                  1    wreg      void 
 Registers used:
		wreg, status,2, status,0, prodl, prodh, cstack
 Tracked objects:
		On entry : 
		On exit  : 
		Unchanged: 
 Data sizes:     COMRAM   BANK0   BANK1   BANK2   BANK3   BANK4   BANK5   BANK6   BANK7
      Params:         2       0       0       0       0       0       0       0       0
      Locals:         4       0       0       0       0       0       0       0       0
      Temps:          1       0       0       0       0       0       0       0       0
      Totals:         7       0       0       0       0       0       0       0       0
Total ram usage:        7 bytes
 Hardware stack levels used:    1
 Hardware stack levels required when called:    1
 This function calls:
		___wmul
 This function is called by:
		_countdown_timer
		_motion_sensor
 This function uses a non-reentrant model


 *************** function ___wmul *****************
 Defined at:
		line 15 in file "/opt/microchip/xc8/v1.42/sources/common/Umul16.c"
 Parameters:    Size  Location     Type
  multiplier      2    0[COMRAM] unsigned int 
  multiplicand    2    2[COMRAM] unsigned int 
 Auto vars:     Size  Location     Type
  product         2    4[COMRAM] unsigned int 
 Return value:  Size  Location     Type
                  2    0[COMRAM] unsigned int 
 Registers used:
		wreg, status,2, status,0, prodl, prodh
 Tracked objects:
		On entry : 
		On exit  : 
		Unchanged: 
 Data sizes:     COMRAM   BANK0   BANK1   BANK2   BANK3   BANK4   BANK5   BANK6   BANK7
      Params:         4       0       0       0       0       0       0       0       0
      Locals:         2       0       0       0       0       0       0       0       0
      Temps:          0       0       0       0       0       0       0       0       0
      Totals:         6       0       0       0       0       0       0       0       0
Total ram usage:        6 bytes
 Hardware stack levels used:    1
 This function calls:
		Nothing
 This function is called by:
		_buzz_seconds
 This function uses a non-reentrant model


 *************** function _Set_LED *****************
 Defined at:
		line 63 in file "newmain.c"
 Parameters:    Size  Location     Type
  red             2   10[COMRAM] int 
  green           2   12[COMRAM] int 
  blue            2   14[COMRAM] int 
  count           2   16[COMRAM] int 
  color_name      2   18[COMRAM] PTR unsigned char 
		 -> STR_22(6), STR_21(5), STR_20(7), STR_19(5), 
		 -> STR_18(6), STR_17(4), 
 Auto vars:     Size  Location     Type
  i               2   21[COMRAM] int 
 Return value:  Size  Location     Type
                  1    wreg      void 
 Registers used:
		wreg, fsr2l, fsr2h, status,2, status,0, tblptrl, tblptrh, tblptru, cstack
 Tracked objects:
		On entry : 
		On exit  : 
		Unchanged: 
 Data sizes:     COMRAM   BANK0   BANK1   BANK2   BANK3   BANK4   BANK5   BANK6   BANK7
      Params:        10       0       0       0       0       0       0       0       0
      Locals:         2       0       0       0       0       0       0       0       0
      Temps:          1       0       0       0       0       0       0       0       0
      Totals:        13       0       0       0       0       0       0       0       0
Total ram usage:       13 bytes
 Hardware stack levels used:    1
 Hardware stack levels required when called:    3
 This function calls:
		_Lcd_Clear
		_Lcd_Set_Cursor
		_Lcd_Write_String
		___awdiv
		_var_delay_us
 This function is called by:
		_main
 This function uses a non-reentrant model


 *************** function _var_delay_us *****************
 Defined at:
		line 59 in file "newmain.c"
 Parameters:    Size  Location     Type
  us              2    0[COMRAM] int 
 Auto vars:     Size  Location     Type
  i               2    3[COMRAM] int 
 Return value:  Size  Location     Type
                  1    wreg      void 
 Registers used:
		wreg, status,2, status,0
 Tracked objects:
		On entry : 
		On exit  : 
		Unchanged: 
 Data sizes:     COMRAM   BANK0   BANK1   BANK2   BANK3   BANK4   BANK5   BANK6   BANK7
      Params:         2       0       0       0       0       0       0       0       0
      Locals:         2       0       0       0       0       0       0       0       0
      Temps:          1       0       0       0       0       0       0       0       0
      Totals:         5       0       0       0       0       0       0       0       0
Total ram usage:        5 bytes
 Hardware stack levels used:    1
 This function calls:
		Nothing
 This function is called by:
		_Set_LED
 This function uses a non-reentrant model


 *************** function ___awdiv *****************
 Defined at:
		line 8 in file "/opt/microchip/xc8/v1.42/sources/common/awdiv.c"
 Parameters:    Size  Location     Type
  dividend        2    0[COMRAM] int 
  divisor         2    2[COMRAM] int 
 Auto vars:     Size  Location     Type
  quotient        2    6[COMRAM] int 
  sign            1    5[COMRAM] unsigned char 
  counter         1    4[COMRAM] unsigned char 
 Return value:  Size  Location     Type
                  2    0[COMRAM] int 
 Registers used:
		wreg, status,2, status,0
 Tracked objects:
		On entry : 
		On exit  : 
		Unchanged: 
 Data sizes:     COMRAM   BANK0   BANK1   BANK2   BANK3   BANK4   BANK5   BANK6   BANK7
      Params:         4       0       0       0       0       0       0       0       0
      Locals:         4       0       0       0       0       0       0       0       0
      Temps:          0       0       0       0       0       0       0       0       0
      Totals:         8       0       0       0       0       0       0       0       0
Total ram usage:        8 bytes
 Hardware stack levels used:    1
 This function calls:
		Nothing
 This function is called by:
		_Set_LED
 This function uses a non-reentrant model


 *************** function _Lcd_Write_String *****************
 Defined at:
		line 96 in file "lcd.h"
 Parameters:    Size  Location     Type
  a               2    4[COMRAM] PTR unsigned char 
		 -> STR_23(13), STR_22(6), STR_21(5), STR_20(7), 
		 -> STR_19(5), STR_18(6), STR_17(4), STR_16(17), 
		 -> STR_15(17), STR_14(17), STR_13(17), STR_12(17), 
		 -> STR_11(13), STR_10(17), STR_9(17), STR_8(14), 
		 -> STR_7(4), countdown_timer@sec_str(4), STR_6(18), STR_5(17), 
		 -> STR_4(17), STR_3(14), STR_2(14), read_and_print_distance@cent_str(4), 
		 -> read_and_print_distance@inch_str(4), STR_1(9), 
 Auto vars:     Size  Location     Type
  i               2    8[COMRAM] int 
 Return value:  Size  Location     Type
                  1    wreg      void 
 Registers used:
		wreg, fsr2l, fsr2h, status,2, status,0, tblptrl, tblptrh, tblptru, cstack
 Tracked objects:
		On entry : 
		On exit  : 
		Unchanged: 
 Data sizes:     COMRAM   BANK0   BANK1   BANK2   BANK3   BANK4   BANK5   BANK6   BANK7
      Params:         2       0       0       0       0       0       0       0       0
      Locals:         2       0       0       0       0       0       0       0       0
      Temps:          2       0       0       0       0       0       0       0       0
      Totals:         6       0       0       0       0       0       0       0       0
Total ram usage:        6 bytes
 Hardware stack levels used:    1
 Hardware stack levels required when called:    2
 This function calls:
		_Lcd_Write_Char
 This function is called by:
		_Set_LED
		_read_and_print_distance
		_standby_message
		_countdown_timer
		_motion_sensor
		_main
 This function uses a non-reentrant model


 *************** function _Lcd_Write_Char *****************
 Defined at:
		line 80 in file "lcd.h"
 Parameters:    Size  Location     Type
  a               1    wreg     unsigned char 
 Auto vars:     Size  Location     Type
  a               1    3[COMRAM] unsigned char 
  y               1    2[COMRAM] unsigned char 
  temp            1    1[COMRAM] unsigned char 
 Return value:  Size  Location     Type
                  2   76[None  ] int 
 Registers used:
		wreg, status,2, status,0, cstack
 Tracked objects:
		On entry : 
		On exit  : 
		Unchanged: 
 Data sizes:     COMRAM   BANK0   BANK1   BANK2   BANK3   BANK4   BANK5   BANK6   BANK7
      Params:         0       0       0       0       0       0       0       0       0
      Locals:         3       0       0       0       0       0       0       0       0
      Temps:          0       0       0       0       0       0       0       0       0
      Totals:         3       0       0       0       0       0       0       0       0
Total ram usage:        3 bytes
 Hardware stack levels used:    1
 Hardware stack levels required when called:    1
 This function calls:
		_Lcd_Port
 This function is called by:
		_Lcd_Write_String
		_main
 This function uses a non-reentrant model


 *************** function _Lcd_Set_Cursor *****************
 Defined at:
		line 40 in file "lcd.h"
 Parameters:    Size  Location     Type
  a               1    wreg     unsigned char 
  b               1    3[COMRAM] unsigned char 
 Auto vars:     Size  Location     Type
  a               1    4[COMRAM] unsigned char 
  temp            1    7[COMRAM] unsigned char 
  y               1    6[COMRAM] unsigned char 
  z               1    5[COMRAM] unsigned char 
 Return value:  Size  Location     Type
                  1    wreg      void 
 Registers used:
		wreg, status,2, status,0, cstack
 Tracked objects:
		On entry : 
		On exit  : 
		Unchanged: 
 Data sizes:     COMRAM   BANK0   BANK1   BANK2   BANK3   BANK4   BANK5   BANK6   BANK7
      Params:         1       0       0       0       0       0       0       0       0
      Locals:         4       0       0       0       0       0       0       0       0
      Temps:          0       0       0       0       0       0       0       0       0
      Totals:         5       0       0       0       0       0       0       0       0
Total ram usage:        5 bytes
 Hardware stack levels used:    1
 Hardware stack levels required when called:    2
 This function calls:
		_Lcd_Cmd
 This function is called by:
		_Set_LED
		_read_and_print_distance
		_standby_message
		_countdown_timer
		_motion_sensor
		_main
 This function uses a non-reentrant model


 *************** function _Lcd_Clear *****************
 Defined at:
		line 34 in file "lcd.h"
 Parameters:    Size  Location     Type
		None
 Auto vars:     Size  Location     Type
		None
 Return value:  Size  Location     Type
                  1    wreg      void 
 Registers used:
		wreg, status,2, cstack
 Tracked objects:
		On entry : 
		On exit  : 
		Unchanged: 
 Data sizes:     COMRAM   BANK0   BANK1   BANK2   BANK3   BANK4   BANK5   BANK6   BANK7
      Params:         0       0       0       0       0       0       0       0       0
      Locals:         0       0       0       0       0       0       0       0       0
      Temps:          0       0       0       0       0       0       0       0       0
      Totals:         0       0       0       0       0       0       0       0       0
Total ram usage:        0 bytes
 Hardware stack levels used:    1
 Hardware stack levels required when called:    2
 This function calls:
		_Lcd_Cmd
 This function is called by:
		_Set_LED
		_read_and_print_distance
		_countdown_timer
		_motion_sensor
		_main
 This function uses a non-reentrant model


 *************** function _Lcd_Init *****************
 Defined at:
		line 61 in file "lcd.h"
 Parameters:    Size  Location     Type
		None
 Auto vars:     Size  Location     Type
		None
 Return value:  Size  Location     Type
                  1    wreg      void 
 Registers used:
		wreg, status,2, cstack
 Tracked objects:
		On entry : 
		On exit  : 
		Unchanged: 
 Data sizes:     COMRAM   BANK0   BANK1   BANK2   BANK3   BANK4   BANK5   BANK6   BANK7
      Params:         0       0       0       0       0       0       0       0       0
      Locals:         0       0       0       0       0       0       0       0       0
      Temps:          1       0       0       0       0       0       0       0       0
      Totals:         1       0       0       0       0       0       0       0       0
Total ram usage:        1 bytes
 Hardware stack levels used:    1
 Hardware stack levels required when called:    2
 This function calls:
		_Lcd_Cmd
		_Lcd_Port
 This function is called by:
		_main
 This function uses a non-reentrant model


 *************** function _Lcd_Cmd *****************
 Defined at:
		line 25 in file "lcd.h"
 Parameters:    Size  Location     Type
  a               1    wreg     unsigned char 
 Auto vars:     Size  Location     Type
  a               1    2[COMRAM] unsigned char 
 Return value:  Size  Location     Type
                  1    wreg      void 
 Registers used:
		wreg, status,2, cstack
 Tracked objects:
		On entry : 
		On exit  : 
		Unchanged: 
 Data sizes:     COMRAM   BANK0   BANK1   BANK2   BANK3   BANK4   BANK5   BANK6   BANK7
      Params:         0       0       0       0       0       0       0       0       0
      Locals:         1       0       0       0       0       0       0       0       0
      Temps:          1       0       0       0       0       0       0       0       0
      Totals:         2       0       0       0       0       0       0       0       0
Total ram usage:        2 bytes
 Hardware stack levels used:    1
 Hardware stack levels required when called:    1
 This function calls:
		_Lcd_Port
 This function is called by:
		_Lcd_Clear
		_Lcd_Set_Cursor
		_Lcd_Init
		_Lcd_Shift_Right
		_Lcd_Shift_Left
 This function uses a non-reentrant model


 *************** function _Lcd_Port *****************
 Defined at:
		line 3 in file "lcd.h"
 Parameters:    Size  Location     Type
  a               1    wreg     unsigned char 
 Auto vars:     Size  Location     Type
  a               1    0[COMRAM] unsigned char 
 Return value:  Size  Location     Type
                  1    wreg      void 
 Registers used:
		wreg
 Tracked objects:
		On entry : 
		On exit  : 
		Unchanged: 
 Data sizes:     COMRAM   BANK0   BANK1   BANK2   BANK3   BANK4   BANK5   BANK6   BANK7
      Params:         0       0       0       0       0       0       0       0       0
      Locals:         1       0       0       0       0       0       0       0       0
      Temps:          0       0       0       0       0       0       0       0       0
      Totals:         1       0       0       0       0       0       0       0       0
Total ram usage:        1 bytes
 Hardware stack levels used:    1
 This function calls:
		Nothing
 This function is called by:
		_Lcd_Cmd
		_Lcd_Init
		_Lcd_Write_Char
 This function uses a non-reentrant model



MODULE INFORMATION

Module		Function		Class		Link	Load	Size
/opt/microchip/xc8/v1.42/sources/common/ftmul.c
		___ftmul       		CODE           	790E	0000	245

/opt/microchip/xc8/v1.42/sources/common/ftmul.c estimated size: 245

/opt/microchip/xc8/v1.42/sources/common/ftdiv.c
		___ftdiv       		CODE           	7828	0000	231

/opt/microchip/xc8/v1.42/sources/common/ftdiv.c estimated size: 231

/opt/microchip/xc8/v1.42/sources/common/altoft.c
		___altoft      		CODE           	7386	0000	121

/opt/microchip/xc8/v1.42/sources/common/altoft.c estimated size: 121

/opt/microchip/xc8/v1.42/sources/common/itoa.c
		_itoa          		CODE           	715A	0000	67
		_utoa          		CODE           	7512	0000	165

/opt/microchip/xc8/v1.42/sources/common/itoa.c estimated size: 232

/opt/microchip/xc8/v1.42/sources/common/lwdiv.c
		___lwdiv       		CODE           	71EC	0000	83

/opt/microchip/xc8/v1.42/sources/common/lwdiv.c estimated size: 83

/opt/microchip/xc8/v1.42/sources/common/awdiv.c
		___awdiv       		CODE           	73FE	0000	133

/opt/microchip/xc8/v1.42/sources/common/awdiv.c estimated size: 133

/opt/microchip/xc8/v1.42/sources/common/fttol.c
		___fttol       		CODE           	7A02	0000	245

/opt/microchip/xc8/v1.42/sources/common/fttol.c estimated size: 245

newmain.c
		_motion_sensor 		CODE           	7482	0000	145
		_read_and_print_distance		CODE           	7AF6	0000	401
		_standby_message		CODE           	70B2	0000	47
		_read_char     		CODE           	7002	0000	21
		_main          		CODE           	7C86	0000	607
		_countdown_timer		CODE           	7664	0000	223
		_var_delay_us  		CODE           	705C	0000	43
		_buzz_seconds  		CODE           	723E	0000	101
		_Set_LED       		CODE           	7742	0000	231

newmain.c estimated size: 1819

/opt/microchip/xc8/v1.42/sources/common/Umul16.c
		___wmul        		CODE           	7036	0000	39

/opt/microchip/xc8/v1.42/sources/common/Umul16.c estimated size: 39

shared
		__initialization		CODE           	6FEA	0000	1

shared estimated size: 1

/opt/microchip/xc8/v1.42/sources/common/float.c
		___ftpack      		CODE           	75B6	0000	175

/opt/microchip/xc8/v1.42/sources/common/float.c estimated size: 175

/opt/microchip/xc8/v1.42/sources/common/lwmod.c
		___lwmod       		CODE           	7118	0000	67

/opt/microchip/xc8/v1.42/sources/common/lwmod.c estimated size: 67

lcd.h
		_Lcd_Write_String		CODE           	7314	0000	115
		_Lcd_Init      		CODE           	72A2	0000	115
		_Lcd_Write_Char		CODE           	70E0	0000	57
		_Lcd_Cmd       		CODE           	7016	0000	33
		_Lcd_Set_Cursor		CODE           	719C	0000	81
		_Lcd_Clear     		CODE           	6FF4	0000	15
		_Lcd_Port      		CODE           	7086	0000	45

lcd.h estimated size: 461

